// Jest Snapshot v1, https://goo.gl/fbAQLP

exports[`Index render Index page 1`] = `
<div>
  <header>
    <div
      class="logo"
    >
      netflixroulette
    </div>
    <div>
      FIND YOUR MOVIE
    </div>
    <div
      class="search-bar"
    >
      <div
        class="movie-name"
      >
        <input
          name="movie-title"
          placeholder="duck duck go"
        />
      </div>
      <div
        class="lfloat search-filter"
      >
        <span>
          SEARCH BY
        </span>
        <span
          class="search-by"
        >
          <a>
            TITLE
          </a>
          <a>
            GENDER
          </a>
        </span>
      </div>
      <div
        class="rfloat"
      >
        <button>
          SEARCH
        </button>
      </div>
    </div>
  </header>
  <div
    class="filter-bar"
  >
    <div
      class="lfloat"
    >
      3000 movies found
    </div>
    <div
      class="rfloat"
    >
      <span>
        Sort by
      </span>
      <span>
        <a>
          release date
        </a>
      </span>
      <span>
        <a>
          rating
        </a>
      </span>
    </div>
  </div>
  <div>
    <ul
      class="movies"
    >
      <li
        class="movie"
      >
        <div>
          <div
            class="movie-poster"
          >
            <img
              src="https://image.tmdb.org/t/p/w500/oIltQs7MPk7VQFG3DJfgC63mShU.jpg"
            />
          </div>
          <div
            class="movie-descript"
          >
            <span>
              Gemini
            </span>
            <span>
              2018
            </span>
          </div>
          <div
            class="movie-genres"
          >
            Mystery & Thriller
          </div>
        </div>
      </li>
      <li
        class="movie"
      >
        <div>
          <div
            class="movie-poster"
          >
            <img
              src="https://image.tmdb.org/t/p/w500/uC6TTUhPpQCmgldGyYveKRAu8JN.jpg"
            />
          </div>
          <div
            class="movie-descript"
          >
            <span>
              Dilwale Dulhania Le Jayenge
            </span>
            <span>
              1995
            </span>
          </div>
          <div
            class="movie-genres"
          >
            Comedy & Drama & Romance
          </div>
        </div>
      </li>
      <li
        class="movie"
      >
        <div>
          <div
            class="movie-poster"
          >
            <img
              src="https://image.tmdb.org/t/p/w500/lt03HzS8tfDg5ipUQcLqIRNs0sC.jpg"
            />
          </div>
          <div
            class="movie-descript"
          >
            <span>
              Tisay
            </span>
            <span>
              2016
            </span>
          </div>
          <div
            class="movie-genres"
          >
            Drama & Romance
          </div>
        </div>
      </li>
      <li
        class="movie"
      >
        <div>
          <div
            class="movie-poster"
          >
            <img
              src="https://image.tmdb.org/t/p/w500/jwJoURyfm4XxtnYRtIOS2pYR9Np.jpg"
            />
          </div>
          <div
            class="movie-descript"
          >
            <span>
              Héctor El Father: Conocerás la verdad
            </span>
            <span>
              2018
            </span>
          </div>
          <div
            class="movie-genres"
          >
            Drama
          </div>
        </div>
      </li>
      <li
        class="movie"
      >
        <div>
          <div
            class="movie-poster"
          >
            <img
              src="https://image.tmdb.org/t/p/w500/9O7gLzmreU0nGkIB6K3BsJbzvNv.jpg"
            />
          </div>
          <div
            class="movie-descript"
          >
            <span>
              The Shawshank Redemption
            </span>
            <span>
              1994
            </span>
          </div>
          <div
            class="movie-genres"
          >
            Drama & Crime
          </div>
        </div>
      </li>
      <li
        class="movie"
      >
        <div>
          <div
            class="movie-poster"
          >
            <img
              src="https://image.tmdb.org/t/p/w500/rPdtLWNsZmAtoZl9PK7S2wE3qiS.jpg"
            />
          </div>
          <div
            class="movie-descript"
          >
            <span>
              The Godfather
            </span>
            <span>
              1972
            </span>
          </div>
          <div
            class="movie-genres"
          >
            Drama & Crime
          </div>
        </div>
      </li>
      <li
        class="movie"
      >
        <div>
          <div
            class="movie-poster"
          >
            <img
              src="https://image.tmdb.org/t/p/w500/xq1Ugd62d23K2knRUx6xxuALTZB.jpg"
            />
          </div>
          <div
            class="movie-descript"
          >
            <span>
              Your Name.
            </span>
            <span>
              2016
            </span>
          </div>
          <div
            class="movie-genres"
          >
            Romance & Animation & Drama
          </div>
        </div>
      </li>
      <li
        class="movie"
      >
        <div>
          <div
            class="movie-poster"
          >
            <img
              src="https://image.tmdb.org/t/p/w500/wKCkyb7dyDTbZn7qy6zh8oqtFrT.jpg"
            />
          </div>
          <div
            class="movie-descript"
          >
            <span>
              Sister's Younger Husband
            </span>
            <span>
              2016
            </span>
          </div>
          <div
            class="movie-genres"
          >
            Comedy & Drama & Romance
          </div>
        </div>
      </li>
      <li
        class="movie"
      >
        <div>
          <div
            class="movie-poster"
          >
            <img
              src="https://image.tmdb.org/t/p/w500/bVq65huQ8vHDd1a4Z37QtuyEvpA.jpg"
            />
          </div>
          <div
            class="movie-descript"
          >
            <span>
              The Godfather: Part II
            </span>
            <span>
              1974
            </span>
          </div>
          <div
            class="movie-genres"
          >
            Drama & Crime
          </div>
        </div>
      </li>
      <li
        class="movie"
      >
        <div>
          <div
            class="movie-poster"
          >
            <img
              src="https://image.tmdb.org/t/p/w500/5YUYg5q7QfC4IoNwNUtiwdiYKPr.jpg"
            />
          </div>
          <div
            class="movie-descript"
          >
            <span>
              Love, Simon
            </span>
            <span>
              2018
            </span>
          </div>
          <div
            class="movie-genres"
          >
            Comedy & Drama & Romance
          </div>
        </div>
      </li>
    </ul>
  </div>
  <footer>
    netflixroulette
  </footer>
</div>
`;
